../Core/Src/esp_loader.c:76:20:init_md5	16	static
../Core/Src/esp_loader.c:77:20:md5_update	16	static
../Core/Src/esp_loader.c:83:17:timeout_per_mb	32	static
../Core/Src/esp_loader.c:89:20:esp_loader_connect	40	static
../Core/Src/esp_loader.c:123:15:esp_loader_get_target	4	static
../Core/Src/esp_loader.c:128:27:spi_set_data_lengths	24	static
../Core/Src/esp_loader.c:140:27:spi_set_data_lengths_8266	24	static
../Core/Src/esp_loader.c:147:27:spi_flash_command	104	static
../Core/Src/esp_loader.c:221:27:detect_flash_size	40	static
../Core/Src/esp_loader.c:237:20:esp_loader_flash_start	48	static
../Core/Src/esp_loader.c:263:20:esp_loader_flash_write	32	static
../Core/Src/esp_loader.c:285:20:esp_loader_flash_finish	16	static
../Core/Src/esp_loader.c:293:20:esp_loader_mem_start	32	static
../Core/Src/esp_loader.c:301:20:esp_loader_mem_write	24	static
../Core/Src/esp_loader.c:309:20:esp_loader_mem_finish	16	static
../Core/Src/esp_loader.c:316:20:esp_loader_read_register	16	static
../Core/Src/esp_loader.c:324:20:esp_loader_write_register	16	static
../Core/Src/esp_loader.c:331:20:esp_loader_change_transmission_rate	16	static
../Core/Src/esp_loader.c:396:6:esp_loader_reset_target	8	static
