../Core/Src/main.c:127:13:omemcpy	32	static
../Core/Src/main.c:139:17:ADC_GetValueFromChannel	32	static
../Core/Src/main.c:199:19:CANopenSendSDO	32	static
../Core/Src/main.c:230:5:main	88	static
../Core/Src/main.c:583:6:SystemClock_Config	88	static
../Core/Src/main.c:629:13:MX_ADC1_Init	24	static
../Core/Src/main.c:681:13:MX_CAN1_Init	8	static
../Core/Src/main.c:730:13:MX_CAN2_Init	8	static
../Core/Src/main.c:767:13:MX_DAC_Init	16	static
../Core/Src/main.c:814:13:MX_I2C1_Init	8	static
../Core/Src/main.c:848:13:MX_TIM4_Init	48	static
../Core/Src/main.c:909:13:MX_USART1_UART_Init	8	static
../Core/Src/main.c:942:13:MX_USART2_UART_Init	8	static
../Core/Src/main.c:975:13:MX_USART3_UART_Init	8	static
../Core/Src/main.c:1008:13:MX_USART6_UART_Init	8	static
../Core/Src/main.c:1041:13:MX_GPIO_Init	48	static
../Core/Src/main.c:1075:6:HAL_CAN_RxFifo0MsgPendingCallback	16	static
../Core/Src/main.c:1090:20:ESP_FLASH_Start	24	static
../Core/Src/main.c:1105:20:ESP_FLASH_WriteBlock	24	static
../Core/Src/main.c:1123:6:Error_Handler	4	static,ignoring_inline_asm
