../Core/Src/main.c:127:13:omemcpy	32	static
../Core/Src/main.c:139:17:ADC_GetValueFromChannel	32	static
../Core/Src/main.c:230:5:main	80	static
../Core/Src/main.c:587:6:SystemClock_Config	88	static
../Core/Src/main.c:633:13:MX_ADC1_Init	24	static
../Core/Src/main.c:685:13:MX_CAN1_Init	8	static
../Core/Src/main.c:734:13:MX_CAN2_Init	8	static
../Core/Src/main.c:771:13:MX_DAC_Init	16	static
../Core/Src/main.c:818:13:MX_I2C1_Init	8	static
../Core/Src/main.c:852:13:MX_TIM4_Init	48	static
../Core/Src/main.c:913:13:MX_USART1_UART_Init	8	static
../Core/Src/main.c:946:13:MX_USART2_UART_Init	8	static
../Core/Src/main.c:979:13:MX_USART3_UART_Init	8	static
../Core/Src/main.c:1012:13:MX_USART6_UART_Init	8	static
../Core/Src/main.c:1045:13:MX_GPIO_Init	48	static
../Core/Src/main.c:1083:6:HAL_CAN_RxFifo0MsgPendingCallback	16	static
../Core/Src/main.c:1098:20:ESP_FLASH_Start	24	static
../Core/Src/main.c:1113:20:ESP_FLASH_WriteBlock	24	static
../Core/Src/main.c:1131:6:Error_Handler	4	static,ignoring_inline_asm
